This is XeTeX, Version 3.141592653-2.6-0.999997 (TeX Live 2025) (preloaded format=xelatex)
 restricted \write18 enabled.
entering extended mode
(./syllabus_ai_main.tex
LaTeX2e <2025-11-01>
L3 programming layer <2026-01-19>
(c:/Users/audachang/AppData/Roaming/TinyTeX/texmf-dist/tex/latex/base/article.cls
Document Class: article 2025/01/22 v1.4n Standard LaTeX document class
(c:/Users/audachang/AppData/Roaming/TinyTeX/texmf-dist/tex/latex/base/size12.clo)) (c:/Users/audachang/AppData/Roaming/TinyTeX/texmf-dist/tex/latex/fontspec/fontspec.sty (c:/Users/audachang/AppData/Roaming/TinyTeX/texmf-dist/tex/latex/l3packages/xparse/xparse.sty (c:/Users/audachang/AppData/Roaming/TinyTeX/texmf-dist/tex/latex/l3kernel/expl3.sty (c:/Users/audachang/AppData/Roaming/TinyTeX/texmf-dist/tex/latex/l3backend/l3backend-xetex.def))) (c:/Users/audachang/AppData/Roaming/TinyTeX/texmf-dist/tex/latex/fontspec/fontspec-xetex.sty (c:/Users/audachang/AppData/Roaming/TinyTeX/texmf-dist/tex/latex/base/fontenc.sty) (c:/Users/audachang/AppData/Roaming/TinyTeX/texmf-dist/tex/latex/fontspec/fontspec.cfg))) (c:/Users/audachang/AppData/Roaming/TinyTeX/texmf-dist/tex/xelatex/xecjk/xeCJK.sty (c:/Users/audachang/AppData/Roaming/TinyTeX/texmf-dist/tex/latex/ctex/ctexhook.sty) (c:/Users/audachang/AppData/Roaming/TinyTeX/texmf-dist/tex/latex/l3packages/xtemplate/xtemplate.sty) (c:/Users/audachang/AppData/Roaming/TinyTeX/texmf-dist/tex/xelatex/xecjk/xeCJK.cfg)) (c:/Users/audachang/AppData/Roaming/TinyTeX/texmf-dist/tex/xelatex/xecjk/xeCJKfntef.sty (c:/Users/audachang/AppData/Roaming/TinyTeX/texmf-dist/tex/generic/ulem/ulem.sty)) (c:/Users/audachang/AppData/Roaming/TinyTeX/texmf-dist/tex/latex/geometry/geometry.sty (c:/Users/audachang/AppData/Roaming/TinyTeX/texmf-dist/tex/latex/graphics/keyval.sty) (c:/Users/audachang/AppData/Roaming/TinyTeX/texmf-dist/tex/generic/iftex/ifvtex.sty (c:/Users/audachang/AppData/Roaming/TinyTeX/texmf-dist/tex/generic/iftex/iftex.sty))) (c:/Users/audachang/AppData/Roaming/TinyTeX/texmf-dist/tex/latex/graphics/graphicx.sty (c:/Users/audachang/AppData/Roaming/TinyTeX/texmf-dist/tex/latex/graphics/graphics.sty (c:/Users/audachang/AppData/Roaming/TinyTeX/texmf-dist/tex/latex/graphics/trig.sty) (c:/Users/audachang/AppData/Roaming/TinyTeX/texmf-dist/tex/latex/graphics-cfg/graphics.cfg) (c:/Users/audachang/AppData/Roaming/TinyTeX/texmf-dist/tex/latex/graphics-def/xetex.def))) (c:/Users/audachang/AppData/Roaming/TinyTeX/texmf-dist/tex/latex/hyperref/hyperref.sty (c:/Users/audachang/AppData/Roaming/TinyTeX/texmf-dist/tex/latex/kvsetkeys/kvsetkeys.sty) (c:/Users/audachang/AppData/Roaming/TinyTeX/texmf-dist/tex/generic/kvdefinekeys/kvdefinekeys.sty) (c:/Users/audachang/AppData/Roaming/TinyTeX/texmf-dist/tex/generic/pdfescape/pdfescape.sty (c:/Users/audachang/AppData/Roaming/TinyTeX/texmf-dist/tex/generic/ltxcmds/ltxcmds.sty) (c:/Users/audachang/AppData/Roaming/TinyTeX/texmf-dist/tex/generic/pdftexcmds/pdftexcmds.sty (c:/Users/audachang/AppData/Roaming/TinyTeX/texmf-dist/tex/generic/infwarerr/infwarerr.sty))) (c:/Users/audachang/AppData/Roaming/TinyTeX/texmf-dist/tex/latex/hycolor/hycolor.sty) (c:/Users/audachang/AppData/Roaming/TinyTeX/texmf-dist/tex/latex/hyperref/nameref.sty (c:/Users/audachang/AppData/Roaming/TinyTeX/texmf-dist/tex/latex/refcount/refcount.sty) (c:/Users/audachang/AppData/Roaming/TinyTeX/texmf-dist/tex/generic/gettitlestring/gettitlestring.sty (c:/Users/audachang/AppData/Roaming/TinyTeX/texmf-dist/tex/latex/kvoptions/kvoptions.sty))) (c:/Users/audachang/AppData/Roaming/TinyTeX/texmf-dist/tex/latex/etoolbox/etoolbox.sty) (c:/Users/audachang/AppData/Roaming/TinyTeX/texmf-dist/tex/generic/stringenc/stringenc.sty) (c:/Users/audachang/AppData/Roaming/TinyTeX/texmf-dist/tex/latex/hyperref/pd1enc.def) (c:/Users/audachang/AppData/Roaming/TinyTeX/texmf-dist/tex/generic/intcalc/intcalc.sty) (c:/Users/audachang/AppData/Roaming/TinyTeX/texmf-dist/tex/latex/hyperref/puenc.def) (c:/Users/audachang/AppData/Roaming/TinyTeX/texmf-dist/tex/latex/url/url.sty) (c:/Users/audachang/AppData/Roaming/TinyTeX/texmf-dist/tex/generic/bitset/bitset.sty (c:/Users/audachang/AppData/Roaming/TinyTeX/texmf-dist/tex/generic/bigintcalc/bigintcalc.sty))) (c:/Users/audachang/AppData/Roaming/TinyTeX/texmf-dist/tex/latex/hyperref/hxetex.def (c:/Users/audachang/AppData/Roaming/TinyTeX/texmf-dist/tex/latex/rerunfilecheck/rerunfilecheck.sty (c:/Users/audachang/AppData/Roaming/TinyTeX/texmf-dist/tex/generic/uniquecounter/uniquecounter.sty))) (c:/Users/audachang/AppData/Roaming/TinyTeX/texmf-dist/tex/latex/booktabs/booktabs.sty) (c:/Users/audachang/AppData/Roaming/TinyTeX/texmf-dist/tex/latex/tools/longtable.sty) (c:/Users/audachang/AppData/Roaming/TinyTeX/texmf-dist/tex/latex/tools/array.sty) (c:/Users/audachang/AppData/Roaming/TinyTeX/texmf-dist/tex/latex/tools/tabularx.sty) (c:/Users/audachang/AppData/Roaming/TinyTeX/texmf-dist/tex/latex/enumitem/enumitem.sty) (c:/Users/audachang/AppData/Roaming/TinyTeX/texmf-dist/tex/latex/xurl/xurl.sty) (c:/Users/audachang/AppData/Roaming/TinyTeX/texmf-dist/tex/latex/float/float.sty) (c:/Users/audachang/AppData/Roaming/TinyTeX/texmf-dist/tex/latex/titlesec/titlesec.sty) (./syllabus_ai_main.aux)
*geometry* driver: auto-detecting
*geometry* detected driver: xetex
(c:/Users/audachang/AppData/Roaming/TinyTeX/texmf-dist/tex/latex/graphics/color.sty (c:/Users/audachang/AppData/Roaming/TinyTeX/texmf-dist/tex/latex/graphics-cfg/color.cfg) (c:/Users/audachang/AppData/Roaming/TinyTeX/texmf-dist/tex/latex/graphics/mathcolor.ltx)) (./syllabus_ai_main.out) (./syllabus_ai_main.out) (./sections/basic-info-schedule.tex) (./sections/contents.tex [1]
! Undefined control sequence.
l.21 ...nd the "Frame-Based" timing loop ($60\text
                                                  {Hz} = 16.6\text{ms}$).
! Undefined control sequence.
l.21 ...sed" timing loop ($60\text{Hz} = 16.6\text
                                                  {ms}$).
[2] [3] [4] [5]) [6] (./syllabus_ai_main.aux) )
(see the transcript file for additional information)
Output written on syllabus_ai_main.pdf (6 pages).
Transcript written on syllabus_ai_main.log.
